mvn : WARNING: A restricted method in java.lang.System has been called
At line:1 char:1
+ mvn clean compile -DskipTests 2>&1 > compile_output.txt; if ($LASTEXI ...
+ ~~~~~~~~~~~~~~~~~~~~~~~~~~~~~~~~~~~~~~~~~~~~~~~~~~~~~~~
    + CategoryInfo          : NotSpecified: (WARNING: A rest...has been called 
   :String) [], RemoteException
    + FullyQualifiedErrorId : NativeCommandError
 
WARNING: java.lang.System::load has been called by org.fusesource.jansi.interna
l.JansiLoader in an unnamed module (file:/C:/Program%20Files/apache-maven-3.9.6
/lib/jansi-2.4.0.jar)
WARNING: Use --enable-native-access=ALL-UNNAMED to avoid a warning for callers 
in this module
WARNING: Restricted methods will be blocked in a future release unless native a
ccess is enabled

WARNING: A terminally deprecated method in sun.misc.Unsafe has been called
WARNING: sun.misc.Unsafe::objectFieldOffset has been called by com.google.commo
n.util.concurrent.AbstractFuture$UnsafeAtomicHelper (file:/C:/Program%20Files/a
pache-maven-3.9.6/lib/guava-32.0.1-jre.jar)
WARNING: Please consider reporting this to the maintainers of class com.google.
common.util.concurrent.AbstractFuture$UnsafeAtomicHelper
WARNING: sun.misc.Unsafe::objectFieldOffset will be removed in a future release
[INFO] Scanning for projects...
[INFO] 
[INFO] ----------------------< com.eskisehir:event-api >-----------------------
[INFO] Building Eskisehir Event API 0.0.1-SNAPSHOT
[INFO]   from pom.xml
[INFO] --------------------------------[ jar ]---------------------------------
[INFO] 
[INFO] --- clean:3.4.1:clean (default-clean) @ event-api ---
[INFO] Deleting C:\Projects\eskisehir-events-mobile-app\backend\target
[INFO] 
[INFO] --- resources:3.3.1:resources (default-resources) @ event-api ---
[INFO] Copying 3 resources from src\main\resources to target\classes
[INFO] Copying 5 resources from src\main\resources to target\classes
[INFO] 
[INFO] --- compiler:3.14.0:compile (default-compile) @ event-api ---
[INFO] Recompiling the module because of changed source code.
[INFO] Compiling 138 source files with javac [debug parameters release 21] to target\classes
[WARNING] /C:/Projects/eskisehir-events-mobile-app/backend/src/main/java/com/eskisehir/eventapi/config/ApplicationConfig.java:[20,17] setConnectTimeout(java.time.Duration) in org.springframework.boot.web.client.RestTemplateBuilder has been deprecated and marked for removal
[WARNING] /C:/Projects/eskisehir-events-mobile-app/backend/src/main/java/com/eskisehir/eventapi/config/ApplicationConfig.java:[21,17] setReadTimeout(java.time.Duration) in org.springframework.boot.web.client.RestTemplateBuilder has been deprecated and marked for removal
[INFO] /C:/Projects/eskisehir-events-mobile-app/backend/src/main/java/com/eskisehir/eventapi/ml/ContextVectorBuilder.java: C:\Projects\eskisehir-events-mobile-app\backend\src\main\java\com\eskisehir\eventapi\ml\ContextVectorBuilder.java uses unchecked or unsafe operations.
[INFO] /C:/Projects/eskisehir-events-mobile-app/backend/src/main/java/com/eskisehir/eventapi/ml/ContextVectorBuilder.java: Recompile with -Xlint:unchecked for details.
[INFO] ------------------------------------------------------------------------
[INFO] BUILD SUCCESS
[INFO] ------------------------------------------------------------------------
[INFO] Total time:  5.381 s
[INFO] Finished at: 2026-05-07T09:42:14+03:00
[INFO] ------------------------------------------------------------------------
