mvn : WARNING: A restricted method in java.lang.System has been called
At line:1 char:1
+ mvn test -Dtest=POISeedDataServiceTest -q > test_output.txt 2>&1; Get ...
+ ~~~~~~~~~~~~~~~~~~~~~~~~~~~~~~~~~~~~~~~~~~~~~~~~~~~~~~~~~~~~~~~~
    + CategoryInfo          : NotSpecified: (WARNING: A rest...has been called 
   :String) [], RemoteException
    + FullyQualifiedErrorId : NativeCommandError
 
WARNING: java.lang.System::load has been called by org.fusesource.jansi.interna
l.JansiLoader in an unnamed module (file:/C:/Program%20Files/apache-maven-3.9.6
/lib/jansi-2.4.0.jar)
WARNING: Use --enable-native-access=ALL-UNNAMED to avoid a warning for callers 
in this module
WARNING: Restricted methods will be blocked in a future release unless native a
ccess is enabled

WARNING: A terminally deprecated method in sun.misc.Unsafe has been called
WARNING: sun.misc.Unsafe::objectFieldOffset has been called by com.google.commo
n.util.concurrent.AbstractFuture$UnsafeAtomicHelper (file:/C:/Program%20Files/a
pache-maven-3.9.6/lib/guava-32.0.1-jre.jar)
WARNING: Please consider reporting this to the maintainers of class com.google.
common.util.concurrent.AbstractFuture$UnsafeAtomicHelper
WARNING: sun.misc.Unsafe::objectFieldOffset will be removed in a future release
Mockito is currently self-attaching to enable the inline-mock-maker. This will 
no longer work in future releases of the JDK. Please add Mockito as an agent to
 your build what is described in Mockito's documentation: https://javadoc.io/do
c/org.mockito/mockito-core/latest/org/mockito/Mockito.html#0.3
WARNING: A Java agent has been loaded dynamically (C:\Users\tako0\.m2\repositor
y\net\bytebuddy\byte-buddy-agent\1.15.11\byte-buddy-agent-1.15.11.jar)
WARNING: If a serviceability tool is in use, please run with -XX:+EnableDynamic
AgentLoading to hide this warning
WARNING: If a serviceability tool is not in use, please run with -Djdk.instrume
nt.traceUsage for more information
WARNING: Dynamic loading of agents will be disallowed by default in a future re
lease
Java HotSpot(TM) 64-Bit Server VM warning: Sharing is only supported for boot l
oader classes because bootstrap classpath has been appended
